Gold captured: 0
Gold captured: 15
Gold captured: 50